// Jest Snapshot v1, https://goo.gl/fbAQLP

exports[`should render <Composer /> and compare with snapshot 1`] = `
<TextInput
  accessibilityLabel="Type a message..."
  accessible={true}
  autoFocus={false}
  editable={true}
  enablesReturnKeyAutomatically={true}
  keyboardAppearance="default"
  multiline={true}
  onChangeText={[Function]}
  onLayout={[Function]}
  placeholder="Type a message..."
  placeholderTextColor="#b2b2b2"
  style={
    Array [
      Object {
        "flex": 1,
        "fontSize": 16,
        "lineHeight": 16,
        "marginBottom": 5,
        "marginLeft": 10,
        "marginTop": 6,
      },
      Object {},
      Object {
        "height": 33,
      },
    ]
  }
  testID="Type a message..."
  underlineColorAndroid="transparent"
  value=""
/>
`;
