// Jest Snapshot v1, https://goo.gl/fbAQLP

exports[`should render <MessageContainer /> and compare with snapshot 1`] = `
<View
  style={
    Object {
      "flex": 1,
    }
  }
>
  <RCTScrollView
    ListEmptyComponent={[Function]}
    ListFooterComponent={[Function]}
    ListHeaderComponent={[Function]}
    automaticallyAdjustContentInsets={false}
    contentContainerStyle={
      Object {
        "flexGrow": 1,
        "justifyContent": "flex-start",
      }
    }
    data={Array []}
    enableEmptySections={true}
    extraData={
      Array [
        null,
        false,
      ]
    }
    getItem={[Function]}
    getItemCount={[Function]}
    invertStickyHeaders={true}
    inverted={true}
    keyExtractor={[Function]}
    onContentSizeChange={[Function]}
    onEndReached={[Function]}
    onEndReachedThreshold={0.1}
    onLayout={[Function]}
    onMomentumScrollBegin={[Function]}
    onMomentumScrollEnd={[Function]}
    onScroll={[Function]}
    onScrollBeginDrag={[Function]}
    onScrollEndDrag={[Function]}
    removeClippedSubviews={false}
    renderItem={[Function]}
    scrollEventThrottle={100}
    stickyHeaderIndices={Array []}
    style={
      Array [
        Object {
          "transform": Array [
            Object {
              "scaleY": -1,
            },
          ],
        },
        Object {
          "flex": 1,
        },
      ]
    }
    viewabilityConfigCallbackPairs={Array []}
  >
    <View>
      <View
        onLayout={[Function]}
        style={
          Object {
            "transform": Array [
              Object {
                "scaleY": -1,
              },
            ],
          }
        }
      >
        <View
          collapsable={false}
          style={
            Object {
              "backgroundColor": "#f0f0f0",
              "borderRadius": 15,
              "height": 0,
              "marginBottom": 0,
              "marginLeft": 8,
              "transform": Array [
                Object {
                  "translateY": 200,
                },
              ],
              "width": 45,
            }
          }
        />
      </View>
      <View
        style={
          Object {
            "flex": 1,
          }
        }
      />
      <View
        onLayout={[Function]}
        style={
          Object {
            "transform": Array [
              Object {
                "scaleY": -1,
              },
            ],
          }
        }
      >
        <View
          style={
            Object {
              "flex": 1,
            }
          }
        />
      </View>
    </View>
  </RCTScrollView>
</View>
`;
